// Jest Snapshot v1, https://goo.gl/fbAQLP

exports[`should render correctly 1`] = `
<div
  class="rdp-caption"
  role="caption"
>
  <div
    aria-live="polite"
    class="rdp-caption_label"
  >
    June 2020
  </div>
  <div
    class="rdp-nav"
  >
    <button
      aria-label="Go to previous month: May 2020"
      class="rdp-button_reset rdp-button rdp-nav_button rdp-nav_button_previous"
      type="button"
    >
      <svg
        class="rdp-nav_icon"
        height="16px"
        viewBox="0 0 120 120"
        width="16px"
      >
        <path
          d="M69.490332,3.34314575 C72.6145263,0.218951416 77.6798462,0.218951416 80.8040405,3.34314575 C83.8617626,6.40086786 83.9268205,11.3179931 80.9992143,14.4548388 L80.8040405,14.6568542 L35.461,60 L80.8040405,105.343146 C83.8617626,108.400868 83.9268205,113.317993 80.9992143,116.454839 L80.8040405,116.656854 C77.7463184,119.714576 72.8291931,119.779634 69.6923475,116.852028 L69.490332,116.656854 L18.490332,65.6568542 C15.4326099,62.5991321 15.367552,57.6820069 18.2951583,54.5451612 L18.490332,54.3431458 L69.490332,3.34314575 Z"
          fill="currentColor"
          fill-rule="nonzero"
        />
      </svg>
    </button>
    <button
      aria-label="Go to next month: July 2020"
      class="rdp-button_reset rdp-button rdp-nav_button rdp-nav_button_previous"
      type="button"
    >
      <svg
        class="rdp-nav_icon"
        height="16px"
        viewBox="0 0 120 120"
        width="16px"
      >
        <path
          d="M49.8040405,3.34314575 C46.6798462,0.218951416 41.6145263,0.218951416 38.490332,3.34314575 C35.4326099,6.40086786 35.367552,11.3179931 38.2951583,14.4548388 L38.490332,14.6568542 L83.8333725,60 L38.490332,105.343146 C35.4326099,108.400868 35.367552,113.317993 38.2951583,116.454839 L38.490332,116.656854 C41.5480541,119.714576 46.4651794,119.779634 49.602025,116.852028 L49.8040405,116.656854 L100.804041,65.6568542 C103.861763,62.5991321 103.926821,57.6820069 100.999214,54.5451612 L100.804041,54.3431458 L49.8040405,3.34314575 Z"
          fill="currentColor"
        />
      </svg>
    </button>
  </div>
</div>
`;
