// Jest Snapshot v1, https://goo.gl/fbAQLP

exports[`should render correctly 1`] = `
<div
  aria-live="polite"
  class="rdp-caption_label"
>
  June 2020
</div>
`;
